// Jest Snapshot v1, https://goo.gl/fbAQLP

exports[`<FilmResultBody /> should be rendered correctly 1`] = `
<Link
  className="film-result-body"
  onClick={[Function]}
  to="/film/undefined"
>
  <FilmResultImage />
  <div
    className="film-result-body__header"
  >
    <span
      className="film-result-body__title"
    />
    <span
      className="film-result-body__date"
    />
  </div>
  <span
    className="film-result-body__genre"
  />
</Link>
`;
